2026-06-09T15:22:25.603Z [error] [ProjectionWorker] Job failed for event 6a282fb17a92e89fea310b62: Path "lastEventSequence" is not in schema, strict mode is `true`, and upsert is `true`. {"service":"back-end","isImmutableError":false,"path":"lastEventSequence"}
StrictModeError: Path "lastEventSequence" is not in schema, strict mode is `true`, and upsert is `true`.
    at cast (D:\Project\PetShop-Website\back-end\node_modules\mongoose\lib\cast.js:305:17)
    at cast (D:\Project\PetShop-Website\back-end\node_modules\mongoose\lib\cast.js:76:20)
    at Query.cast (D:\Project\PetShop-Website\back-end\node_modules\mongoose\lib\query.js:5060:12)
    at Query._castConditions (D:\Project\PetShop-Website\back-end\node_modules\mongoose\lib\query.js:2374:10)
    at model.Query._updateThunk (D:\Project\PetShop-Website\back-end\node_modules\mongoose\lib\query.js:4043:8)
    at model.Query._updateOne (D:\Project\PetShop-Website\back-end\node_modules\mongoose\lib\query.js:4150:23)
    at model.Query.exec (D:\Project\PetShop-Website\back-end\node_modules\mongoose\lib\query.js:4627:80)
    at process.processTicksAndRejections (node:internal/process/task_queues:103:5)
    at async projectOrder (file:///D:/Project/PetShop-Website/back-end/server/services/projector.js:130:3)
    at async Worker.connection [as processFn] (file:///D:/Project/PetShop-Website/back-end/server/workers/projectionWorker.js:84:9)
2026-06-09T15:22:26.828Z [error] [ProjectionWorker] Job failed for event 6a282fb17a92e89fea310b62: Path "lastEventSequence" is not in schema, strict mode is `true`, and upsert is `true`. {"service":"back-end","isImmutableError":false,"path":"lastEventSequence"}
StrictModeError: Path "lastEventSequence" is not in schema, strict mode is `true`, and upsert is `true`.
    at cast (D:\Project\PetShop-Website\back-end\node_modules\mongoose\lib\cast.js:305:17)
    at cast (D:\Project\PetShop-Website\back-end\node_modules\mongoose\lib\cast.js:76:20)
    at Query.cast (D:\Project\PetShop-Website\back-end\node_modules\mongoose\lib\query.js:5060:12)
    at Query._castConditions (D:\Project\PetShop-Website\back-end\node_modules\mongoose\lib\query.js:2374:10)
    at model.Query._updateThunk (D:\Project\PetShop-Website\back-end\node_modules\mongoose\lib\query.js:4043:8)
    at model.Query._updateOne (D:\Project\PetShop-Website\back-end\node_modules\mongoose\lib\query.js:4150:23)
    at model.Query.exec (D:\Project\PetShop-Website\back-end\node_modules\mongoose\lib\query.js:4627:80)
    at process.processTicksAndRejections (node:internal/process/task_queues:103:5)
    at async projectOrder (file:///D:/Project/PetShop-Website/back-end/server/services/projector.js:130:3)
    at async Worker.connection [as processFn] (file:///D:/Project/PetShop-Website/back-end/server/workers/projectionWorker.js:84:9)
2026-06-09T15:22:29.066Z [error] [ProjectionWorker] Job failed for event 6a282fb17a92e89fea310b62: Path "lastEventSequence" is not in schema, strict mode is `true`, and upsert is `true`. {"service":"back-end","isImmutableError":false,"path":"lastEventSequence"}
StrictModeError: Path "lastEventSequence" is not in schema, strict mode is `true`, and upsert is `true`.
    at cast (D:\Project\PetShop-Website\back-end\node_modules\mongoose\lib\cast.js:305:17)
    at cast (D:\Project\PetShop-Website\back-end\node_modules\mongoose\lib\cast.js:76:20)
    at Query.cast (D:\Project\PetShop-Website\back-end\node_modules\mongoose\lib\query.js:5060:12)
    at Query._castConditions (D:\Project\PetShop-Website\back-end\node_modules\mongoose\lib\query.js:2374:10)
    at model.Query._updateThunk (D:\Project\PetShop-Website\back-end\node_modules\mongoose\lib\query.js:4043:8)
    at model.Query._updateOne (D:\Project\PetShop-Website\back-end\node_modules\mongoose\lib\query.js:4150:23)
    at model.Query.exec (D:\Project\PetShop-Website\back-end\node_modules\mongoose\lib\query.js:4627:80)
    at process.processTicksAndRejections (node:internal/process/task_queues:103:5)
    at async projectOrder (file:///D:/Project/PetShop-Website/back-end/server/services/projector.js:130:3)
    at async Worker.connection [as processFn] (file:///D:/Project/PetShop-Website/back-end/server/workers/projectionWorker.js:84:9)
2026-06-09T15:22:33.272Z [error] [ProjectionWorker] Job failed for event 6a282fb17a92e89fea310b62: Path "lastEventSequence" is not in schema, strict mode is `true`, and upsert is `true`. {"service":"back-end","isImmutableError":false,"path":"lastEventSequence"}
StrictModeError: Path "lastEventSequence" is not in schema, strict mode is `true`, and upsert is `true`.
    at cast (D:\Project\PetShop-Website\back-end\node_modules\mongoose\lib\cast.js:305:17)
    at cast (D:\Project\PetShop-Website\back-end\node_modules\mongoose\lib\cast.js:76:20)
    at Query.cast (D:\Project\PetShop-Website\back-end\node_modules\mongoose\lib\query.js:5060:12)
    at Query._castConditions (D:\Project\PetShop-Website\back-end\node_modules\mongoose\lib\query.js:2374:10)
    at model.Query._updateThunk (D:\Project\PetShop-Website\back-end\node_modules\mongoose\lib\query.js:4043:8)
    at model.Query._updateOne (D:\Project\PetShop-Website\back-end\node_modules\mongoose\lib\query.js:4150:23)
    at model.Query.exec (D:\Project\PetShop-Website\back-end\node_modules\mongoose\lib\query.js:4627:80)
    at process.processTicksAndRejections (node:internal/process/task_queues:103:5)
    at async projectOrder (file:///D:/Project/PetShop-Website/back-end/server/services/projector.js:130:3)
    at async Worker.connection [as processFn] (file:///D:/Project/PetShop-Website/back-end/server/workers/projectionWorker.js:84:9)
2026-06-09T15:22:41.568Z [error] [ProjectionWorker] Job failed for event 6a282fb17a92e89fea310b62: Path "lastEventSequence" is not in schema, strict mode is `true`, and upsert is `true`. {"service":"back-end","isImmutableError":false,"path":"lastEventSequence"}
StrictModeError: Path "lastEventSequence" is not in schema, strict mode is `true`, and upsert is `true`.
    at cast (D:\Project\PetShop-Website\back-end\node_modules\mongoose\lib\cast.js:305:17)
    at cast (D:\Project\PetShop-Website\back-end\node_modules\mongoose\lib\cast.js:76:20)
    at Query.cast (D:\Project\PetShop-Website\back-end\node_modules\mongoose\lib\query.js:5060:12)
    at Query._castConditions (D:\Project\PetShop-Website\back-end\node_modules\mongoose\lib\query.js:2374:10)
    at model.Query._updateThunk (D:\Project\PetShop-Website\back-end\node_modules\mongoose\lib\query.js:4043:8)
    at model.Query._updateOne (D:\Project\PetShop-Website\back-end\node_modules\mongoose\lib\query.js:4150:23)
    at model.Query.exec (D:\Project\PetShop-Website\back-end\node_modules\mongoose\lib\query.js:4627:80)
    at process.processTicksAndRejections (node:internal/process/task_queues:103:5)
    at async projectOrder (file:///D:/Project/PetShop-Website/back-end/server/services/projector.js:130:3)
    at async Worker.connection [as processFn] (file:///D:/Project/PetShop-Website/back-end/server/workers/projectionWorker.js:84:9)
2026-06-09T15:22:47.974Z [error] [ProjectionWorker] Job failed for event 6a282fc77a92e89fea310c2a: Path "lastEventSequence" is not in schema, strict mode is `true`, and upsert is `true`. {"service":"back-end","isImmutableError":false,"path":"lastEventSequence"}
StrictModeError: Path "lastEventSequence" is not in schema, strict mode is `true`, and upsert is `true`.
    at cast (D:\Project\PetShop-Website\back-end\node_modules\mongoose\lib\cast.js:305:17)
    at cast (D:\Project\PetShop-Website\back-end\node_modules\mongoose\lib\cast.js:76:20)
    at Query.cast (D:\Project\PetShop-Website\back-end\node_modules\mongoose\lib\query.js:5060:12)
    at Query._castConditions (D:\Project\PetShop-Website\back-end\node_modules\mongoose\lib\query.js:2374:10)
    at model.Query._updateThunk (D:\Project\PetShop-Website\back-end\node_modules\mongoose\lib\query.js:4043:8)
    at model.Query._updateOne (D:\Project\PetShop-Website\back-end\node_modules\mongoose\lib\query.js:4150:23)
    at model.Query.exec (D:\Project\PetShop-Website\back-end\node_modules\mongoose\lib\query.js:4627:80)
    at process.processTicksAndRejections (node:internal/process/task_queues:103:5)
    at async projectOrder (file:///D:/Project/PetShop-Website/back-end/server/services/projector.js:130:3)
    at async Worker.connection [as processFn] (file:///D:/Project/PetShop-Website/back-end/server/workers/projectionWorker.js:84:9)
2026-06-09T15:22:49.346Z [error] [ProjectionWorker] Job failed for event 6a282fc77a92e89fea310c2a: Path "lastEventSequence" is not in schema, strict mode is `true`, and upsert is `true`. {"service":"back-end","isImmutableError":false,"path":"lastEventSequence"}
StrictModeError: Path "lastEventSequence" is not in schema, strict mode is `true`, and upsert is `true`.
    at cast (D:\Project\PetShop-Website\back-end\node_modules\mongoose\lib\cast.js:305:17)
    at cast (D:\Project\PetShop-Website\back-end\node_modules\mongoose\lib\cast.js:76:20)
    at Query.cast (D:\Project\PetShop-Website\back-end\node_modules\mongoose\lib\query.js:5060:12)
    at Query._castConditions (D:\Project\PetShop-Website\back-end\node_modules\mongoose\lib\query.js:2374:10)
    at model.Query._updateThunk (D:\Project\PetShop-Website\back-end\node_modules\mongoose\lib\query.js:4043:8)
    at model.Query._updateOne (D:\Project\PetShop-Website\back-end\node_modules\mongoose\lib\query.js:4150:23)
    at model.Query.exec (D:\Project\PetShop-Website\back-end\node_modules\mongoose\lib\query.js:4627:80)
    at process.processTicksAndRejections (node:internal/process/task_queues:103:5)
    at async projectOrder (file:///D:/Project/PetShop-Website/back-end/server/services/projector.js:130:3)
    at async Worker.connection [as processFn] (file:///D:/Project/PetShop-Website/back-end/server/workers/projectionWorker.js:84:9)
2026-06-09T15:22:50.756Z [error] [ProjectionWorker] Job failed for event 6a282fca7a92e89fea310c3e: Path "lastEventSequence" is not in schema, strict mode is `true`, and upsert is `true`. {"service":"back-end","isImmutableError":false,"path":"lastEventSequence"}
StrictModeError: Path "lastEventSequence" is not in schema, strict mode is `true`, and upsert is `true`.
    at cast (D:\Project\PetShop-Website\back-end\node_modules\mongoose\lib\cast.js:305:17)
    at cast (D:\Project\PetShop-Website\back-end\node_modules\mongoose\lib\cast.js:76:20)
    at Query.cast (D:\Project\PetShop-Website\back-end\node_modules\mongoose\lib\query.js:5060:12)
    at Query._castConditions (D:\Project\PetShop-Website\back-end\node_modules\mongoose\lib\query.js:2374:10)
    at model.Query._updateThunk (D:\Project\PetShop-Website\back-end\node_modules\mongoose\lib\query.js:4043:8)
    at model.Query._updateOne (D:\Project\PetShop-Website\back-end\node_modules\mongoose\lib\query.js:4150:23)
    at model.Query.exec (D:\Project\PetShop-Website\back-end\node_modules\mongoose\lib\query.js:4627:80)
    at process.processTicksAndRejections (node:internal/process/task_queues:103:5)
    at async projectOrder (file:///D:/Project/PetShop-Website/back-end/server/services/projector.js:130:3)
    at async Worker.connection [as processFn] (file:///D:/Project/PetShop-Website/back-end/server/workers/projectionWorker.js:84:9)
2026-06-09T15:22:51.604Z [error] [ProjectionWorker] Job failed for event 6a282fc77a92e89fea310c2a: Path "lastEventSequence" is not in schema, strict mode is `true`, and upsert is `true`. {"service":"back-end","isImmutableError":false,"path":"lastEventSequence"}
StrictModeError: Path "lastEventSequence" is not in schema, strict mode is `true`, and upsert is `true`.
    at cast (D:\Project\PetShop-Website\back-end\node_modules\mongoose\lib\cast.js:305:17)
    at cast (D:\Project\PetShop-Website\back-end\node_modules\mongoose\lib\cast.js:76:20)
    at Query.cast (D:\Project\PetShop-Website\back-end\node_modules\mongoose\lib\query.js:5060:12)
    at Query._castConditions (D:\Project\PetShop-Website\back-end\node_modules\mongoose\lib\query.js:2374:10)
    at model.Query._updateThunk (D:\Project\PetShop-Website\back-end\node_modules\mongoose\lib\query.js:4043:8)
    at model.Query._updateOne (D:\Project\PetShop-Website\back-end\node_modules\mongoose\lib\query.js:4150:23)
    at model.Query.exec (D:\Project\PetShop-Website\back-end\node_modules\mongoose\lib\query.js:4627:80)
    at process.processTicksAndRejections (node:internal/process/task_queues:103:5)
    at async projectOrder (file:///D:/Project/PetShop-Website/back-end/server/services/projector.js:130:3)
    at async Worker.connection [as processFn] (file:///D:/Project/PetShop-Website/back-end/server/workers/projectionWorker.js:84:9)
2026-06-09T15:22:52.010Z [error] [ProjectionWorker] Job failed for event 6a282fca7a92e89fea310c3e: Path "lastEventSequence" is not in schema, strict mode is `true`, and upsert is `true`. {"service":"back-end","isImmutableError":false,"path":"lastEventSequence"}
StrictModeError: Path "lastEventSequence" is not in schema, strict mode is `true`, and upsert is `true`.
    at cast (D:\Project\PetShop-Website\back-end\node_modules\mongoose\lib\cast.js:305:17)
    at cast (D:\Project\PetShop-Website\back-end\node_modules\mongoose\lib\cast.js:76:20)
    at Query.cast (D:\Project\PetShop-Website\back-end\node_modules\mongoose\lib\query.js:5060:12)
    at Query._castConditions (D:\Project\PetShop-Website\back-end\node_modules\mongoose\lib\query.js:2374:10)
    at model.Query._updateThunk (D:\Project\PetShop-Website\back-end\node_modules\mongoose\lib\query.js:4043:8)
    at model.Query._updateOne (D:\Project\PetShop-Website\back-end\node_modules\mongoose\lib\query.js:4150:23)
    at model.Query.exec (D:\Project\PetShop-Website\back-end\node_modules\mongoose\lib\query.js:4627:80)
    at process.processTicksAndRejections (node:internal/process/task_queues:103:5)
    at async projectOrder (file:///D:/Project/PetShop-Website/back-end/server/services/projector.js:130:3)
    at async Worker.connection [as processFn] (file:///D:/Project/PetShop-Website/back-end/server/workers/projectionWorker.js:84:9)
2026-06-09T15:22:54.398Z [error] [ProjectionWorker] Job failed for event 6a282fca7a92e89fea310c3e: Path "lastEventSequence" is not in schema, strict mode is `true`, and upsert is `true`. {"service":"back-end","isImmutableError":false,"path":"lastEventSequence"}
StrictModeError: Path "lastEventSequence" is not in schema, strict mode is `true`, and upsert is `true`.
    at cast (D:\Project\PetShop-Website\back-end\node_modules\mongoose\lib\cast.js:305:17)
    at cast (D:\Project\PetShop-Website\back-end\node_modules\mongoose\lib\cast.js:76:20)
    at Query.cast (D:\Project\PetShop-Website\back-end\node_modules\mongoose\lib\query.js:5060:12)
    at Query._castConditions (D:\Project\PetShop-Website\back-end\node_modules\mongoose\lib\query.js:2374:10)
    at model.Query._updateThunk (D:\Project\PetShop-Website\back-end\node_modules\mongoose\lib\query.js:4043:8)
    at model.Query._updateOne (D:\Project\PetShop-Website\back-end\node_modules\mongoose\lib\query.js:4150:23)
    at model.Query.exec (D:\Project\PetShop-Website\back-end\node_modules\mongoose\lib\query.js:4627:80)
    at process.processTicksAndRejections (node:internal/process/task_queues:103:5)
    at async projectOrder (file:///D:/Project/PetShop-Website/back-end/server/services/projector.js:130:3)
    at async Worker.connection [as processFn] (file:///D:/Project/PetShop-Website/back-end/server/workers/projectionWorker.js:84:9)
2026-06-09T15:22:55.981Z [error] [ProjectionWorker] Job failed for event 6a282fc77a92e89fea310c2a: Path "lastEventSequence" is not in schema, strict mode is `true`, and upsert is `true`. {"service":"back-end","isImmutableError":false,"path":"lastEventSequence"}
StrictModeError: Path "lastEventSequence" is not in schema, strict mode is `true`, and upsert is `true`.
    at cast (D:\Project\PetShop-Website\back-end\node_modules\mongoose\lib\cast.js:305:17)
    at cast (D:\Project\PetShop-Website\back-end\node_modules\mongoose\lib\cast.js:76:20)
    at Query.cast (D:\Project\PetShop-Website\back-end\node_modules\mongoose\lib\query.js:5060:12)
    at Query._castConditions (D:\Project\PetShop-Website\back-end\node_modules\mongoose\lib\query.js:2374:10)
    at model.Query._updateThunk (D:\Project\PetShop-Website\back-end\node_modules\mongoose\lib\query.js:4043:8)
    at model.Query._updateOne (D:\Project\PetShop-Website\back-end\node_modules\mongoose\lib\query.js:4150:23)
    at model.Query.exec (D:\Project\PetShop-Website\back-end\node_modules\mongoose\lib\query.js:4627:80)
    at process.processTicksAndRejections (node:internal/process/task_queues:103:5)
    at async projectOrder (file:///D:/Project/PetShop-Website/back-end/server/services/projector.js:130:3)
    at async Worker.connection [as processFn] (file:///D:/Project/PetShop-Website/back-end/server/workers/projectionWorker.js:84:9)
2026-06-09T15:22:58.696Z [error] [ProjectionWorker] Job failed for event 6a282fca7a92e89fea310c3e: Path "lastEventSequence" is not in schema, strict mode is `true`, and upsert is `true`. {"service":"back-end","isImmutableError":false,"path":"lastEventSequence"}
StrictModeError: Path "lastEventSequence" is not in schema, strict mode is `true`, and upsert is `true`.
    at cast (D:\Project\PetShop-Website\back-end\node_modules\mongoose\lib\cast.js:305:17)
    at cast (D:\Project\PetShop-Website\back-end\node_modules\mongoose\lib\cast.js:76:20)
    at Query.cast (D:\Project\PetShop-Website\back-end\node_modules\mongoose\lib\query.js:5060:12)
    at Query._castConditions (D:\Project\PetShop-Website\back-end\node_modules\mongoose\lib\query.js:2374:10)
    at model.Query._updateThunk (D:\Project\PetShop-Website\back-end\node_modules\mongoose\lib\query.js:4043:8)
    at model.Query._updateOne (D:\Project\PetShop-Website\back-end\node_modules\mongoose\lib\query.js:4150:23)
    at model.Query.exec (D:\Project\PetShop-Website\back-end\node_modules\mongoose\lib\query.js:4627:80)
    at process.processTicksAndRejections (node:internal/process/task_queues:103:5)
    at async projectOrder (file:///D:/Project/PetShop-Website/back-end/server/services/projector.js:130:3)
    at async Worker.connection [as processFn] (file:///D:/Project/PetShop-Website/back-end/server/workers/projectionWorker.js:84:9)
2026-06-09T15:23:04.317Z [error] [ProjectionWorker] Job failed for event 6a282fc77a92e89fea310c2a: Path "lastEventSequence" is not in schema, strict mode is `true`, and upsert is `true`. {"service":"back-end","isImmutableError":false,"path":"lastEventSequence"}
StrictModeError: Path "lastEventSequence" is not in schema, strict mode is `true`, and upsert is `true`.
    at cast (D:\Project\PetShop-Website\back-end\node_modules\mongoose\lib\cast.js:305:17)
    at cast (D:\Project\PetShop-Website\back-end\node_modules\mongoose\lib\cast.js:76:20)
    at Query.cast (D:\Project\PetShop-Website\back-end\node_modules\mongoose\lib\query.js:5060:12)
    at Query._castConditions (D:\Project\PetShop-Website\back-end\node_modules\mongoose\lib\query.js:2374:10)
    at model.Query._updateThunk (D:\Project\PetShop-Website\back-end\node_modules\mongoose\lib\query.js:4043:8)
    at model.Query._updateOne (D:\Project\PetShop-Website\back-end\node_modules\mongoose\lib\query.js:4150:23)
    at model.Query.exec (D:\Project\PetShop-Website\back-end\node_modules\mongoose\lib\query.js:4627:80)
    at process.processTicksAndRejections (node:internal/process/task_queues:103:5)
    at async projectOrder (file:///D:/Project/PetShop-Website/back-end/server/services/projector.js:130:3)
    at async Worker.connection [as processFn] (file:///D:/Project/PetShop-Website/back-end/server/workers/projectionWorker.js:84:9)
2026-06-09T15:23:07.081Z [error] [ProjectionWorker] Job failed for event 6a282fca7a92e89fea310c3e: Path "lastEventSequence" is not in schema, strict mode is `true`, and upsert is `true`. {"service":"back-end","isImmutableError":false,"path":"lastEventSequence"}
StrictModeError: Path "lastEventSequence" is not in schema, strict mode is `true`, and upsert is `true`.
    at cast (D:\Project\PetShop-Website\back-end\node_modules\mongoose\lib\cast.js:305:17)
    at cast (D:\Project\PetShop-Website\back-end\node_modules\mongoose\lib\cast.js:76:20)
    at Query.cast (D:\Project\PetShop-Website\back-end\node_modules\mongoose\lib\query.js:5060:12)
    at Query._castConditions (D:\Project\PetShop-Website\back-end\node_modules\mongoose\lib\query.js:2374:10)
    at model.Query._updateThunk (D:\Project\PetShop-Website\back-end\node_modules\mongoose\lib\query.js:4043:8)
    at model.Query._updateOne (D:\Project\PetShop-Website\back-end\node_modules\mongoose\lib\query.js:4150:23)
    at model.Query.exec (D:\Project\PetShop-Website\back-end\node_modules\mongoose\lib\query.js:4627:80)
    at process.processTicksAndRejections (node:internal/process/task_queues:103:5)
    at async projectOrder (file:///D:/Project/PetShop-Website/back-end/server/services/projector.js:130:3)
    at async Worker.connection [as processFn] (file:///D:/Project/PetShop-Website/back-end/server/workers/projectionWorker.js:84:9)
2026-06-09T15:23:54.704Z [error] [ProjectionWorker] Failed to process event 6a282fb17a92e89fea310b62 during catch-up: Path "lastEventSequence" is not in schema, strict mode is `true`, and upsert is `true`. {"service":"back-end","isImmutableError":false,"path":"lastEventSequence"}
StrictModeError: Path "lastEventSequence" is not in schema, strict mode is `true`, and upsert is `true`.
    at cast (D:\Project\PetShop-Website\back-end\node_modules\mongoose\lib\cast.js:305:17)
    at cast (D:\Project\PetShop-Website\back-end\node_modules\mongoose\lib\cast.js:76:20)
    at Query.cast (D:\Project\PetShop-Website\back-end\node_modules\mongoose\lib\query.js:5060:12)
    at Query._castConditions (D:\Project\PetShop-Website\back-end\node_modules\mongoose\lib\query.js:2374:10)
    at model.Query._updateThunk (D:\Project\PetShop-Website\back-end\node_modules\mongoose\lib\query.js:4043:8)
    at model.Query._updateOne (D:\Project\PetShop-Website\back-end\node_modules\mongoose\lib\query.js:4150:23)
    at model.Query.exec (D:\Project\PetShop-Website\back-end\node_modules\mongoose\lib\query.js:4627:80)
    at process.processTicksAndRejections (node:internal/process/task_queues:103:5)
    at async projectOrder (file:///D:/Project/PetShop-Website/back-end/server/services/projector.js:130:3)
    at async resumeProjectionsFromCheckpoints (file:///D:/Project/PetShop-Website/back-end/server/workers/projectionWorker.js:32:13)
2026-06-09T15:24:35.229Z [error] [ProjectionWorker] Failed to process event 6a282fb17a92e89fea310b62 during catch-up: Path "lastEventSequence" is not in schema, strict mode is `true`, and upsert is `true`. {"service":"back-end","isImmutableError":false,"path":"lastEventSequence"}
StrictModeError: Path "lastEventSequence" is not in schema, strict mode is `true`, and upsert is `true`.
    at cast (D:\Project\PetShop-Website\back-end\node_modules\mongoose\lib\cast.js:305:17)
    at cast (D:\Project\PetShop-Website\back-end\node_modules\mongoose\lib\cast.js:76:20)
    at Query.cast (D:\Project\PetShop-Website\back-end\node_modules\mongoose\lib\query.js:5060:12)
    at Query._castConditions (D:\Project\PetShop-Website\back-end\node_modules\mongoose\lib\query.js:2374:10)
    at model.Query._updateThunk (D:\Project\PetShop-Website\back-end\node_modules\mongoose\lib\query.js:4043:8)
    at model.Query._updateOne (D:\Project\PetShop-Website\back-end\node_modules\mongoose\lib\query.js:4150:23)
    at model.Query.exec (D:\Project\PetShop-Website\back-end\node_modules\mongoose\lib\query.js:4627:80)
    at process.processTicksAndRejections (node:internal/process/task_queues:103:5)
    at async projectOrder (file:///D:/Project/PetShop-Website/back-end/server/services/projector.js:130:3)
    at async resumeProjectionsFromCheckpoints (file:///D:/Project/PetShop-Website/back-end/server/workers/projectionWorker.js:32:13)
2026-06-09T15:24:43.963Z [error] [ProjectionWorker] Job failed for event 6a28303b7dcac27229d04ea6: Path "lastEventSequence" is not in schema, strict mode is `true`, and upsert is `true`. {"service":"back-end","isImmutableError":false,"path":"lastEventSequence"}
StrictModeError: Path "lastEventSequence" is not in schema, strict mode is `true`, and upsert is `true`.
    at cast (D:\Project\PetShop-Website\back-end\node_modules\mongoose\lib\cast.js:305:17)
    at cast (D:\Project\PetShop-Website\back-end\node_modules\mongoose\lib\cast.js:76:20)
    at Query.cast (D:\Project\PetShop-Website\back-end\node_modules\mongoose\lib\query.js:5060:12)
    at Query._castConditions (D:\Project\PetShop-Website\back-end\node_modules\mongoose\lib\query.js:2374:10)
    at model.Query._updateThunk (D:\Project\PetShop-Website\back-end\node_modules\mongoose\lib\query.js:4043:8)
    at model.Query._updateOne (D:\Project\PetShop-Website\back-end\node_modules\mongoose\lib\query.js:4150:23)
    at model.Query.exec (D:\Project\PetShop-Website\back-end\node_modules\mongoose\lib\query.js:4627:80)
    at process.processTicksAndRejections (node:internal/process/task_queues:103:5)
    at async projectOrder (file:///D:/Project/PetShop-Website/back-end/server/services/projector.js:130:3)
    at async Worker.connection [as processFn] (file:///D:/Project/PetShop-Website/back-end/server/workers/projectionWorker.js:84:9)
2026-06-09T15:24:45.363Z [error] [ProjectionWorker] Job failed for event 6a28303b7dcac27229d04ea6: Path "lastEventSequence" is not in schema, strict mode is `true`, and upsert is `true`. {"service":"back-end","isImmutableError":false,"path":"lastEventSequence"}
StrictModeError: Path "lastEventSequence" is not in schema, strict mode is `true`, and upsert is `true`.
    at cast (D:\Project\PetShop-Website\back-end\node_modules\mongoose\lib\cast.js:305:17)
    at cast (D:\Project\PetShop-Website\back-end\node_modules\mongoose\lib\cast.js:76:20)
    at Query.cast (D:\Project\PetShop-Website\back-end\node_modules\mongoose\lib\query.js:5060:12)
    at Query._castConditions (D:\Project\PetShop-Website\back-end\node_modules\mongoose\lib\query.js:2374:10)
    at model.Query._updateThunk (D:\Project\PetShop-Website\back-end\node_modules\mongoose\lib\query.js:4043:8)
    at model.Query._updateOne (D:\Project\PetShop-Website\back-end\node_modules\mongoose\lib\query.js:4150:23)
    at model.Query.exec (D:\Project\PetShop-Website\back-end\node_modules\mongoose\lib\query.js:4627:80)
    at process.processTicksAndRejections (node:internal/process/task_queues:103:5)
    at async projectOrder (file:///D:/Project/PetShop-Website/back-end/server/services/projector.js:130:3)
    at async Worker.connection [as processFn] (file:///D:/Project/PetShop-Website/back-end/server/workers/projectionWorker.js:84:9)
2026-06-09T15:24:47.692Z [error] [ProjectionWorker] Job failed for event 6a28303b7dcac27229d04ea6: Path "lastEventSequence" is not in schema, strict mode is `true`, and upsert is `true`. {"service":"back-end","isImmutableError":false,"path":"lastEventSequence"}
StrictModeError: Path "lastEventSequence" is not in schema, strict mode is `true`, and upsert is `true`.
    at cast (D:\Project\PetShop-Website\back-end\node_modules\mongoose\lib\cast.js:305:17)
    at cast (D:\Project\PetShop-Website\back-end\node_modules\mongoose\lib\cast.js:76:20)
    at Query.cast (D:\Project\PetShop-Website\back-end\node_modules\mongoose\lib\query.js:5060:12)
    at Query._castConditions (D:\Project\PetShop-Website\back-end\node_modules\mongoose\lib\query.js:2374:10)
    at model.Query._updateThunk (D:\Project\PetShop-Website\back-end\node_modules\mongoose\lib\query.js:4043:8)
    at model.Query._updateOne (D:\Project\PetShop-Website\back-end\node_modules\mongoose\lib\query.js:4150:23)
    at model.Query.exec (D:\Project\PetShop-Website\back-end\node_modules\mongoose\lib\query.js:4627:80)
    at process.processTicksAndRejections (node:internal/process/task_queues:103:5)
    at async projectOrder (file:///D:/Project/PetShop-Website/back-end/server/services/projector.js:130:3)
    at async Worker.connection [as processFn] (file:///D:/Project/PetShop-Website/back-end/server/workers/projectionWorker.js:84:9)
2026-06-09T15:24:52.043Z [error] [ProjectionWorker] Job failed for event 6a28303b7dcac27229d04ea6: Path "lastEventSequence" is not in schema, strict mode is `true`, and upsert is `true`. {"service":"back-end","isImmutableError":false,"path":"lastEventSequence"}
StrictModeError: Path "lastEventSequence" is not in schema, strict mode is `true`, and upsert is `true`.
    at cast (D:\Project\PetShop-Website\back-end\node_modules\mongoose\lib\cast.js:305:17)
    at cast (D:\Project\PetShop-Website\back-end\node_modules\mongoose\lib\cast.js:76:20)
    at Query.cast (D:\Project\PetShop-Website\back-end\node_modules\mongoose\lib\query.js:5060:12)
    at Query._castConditions (D:\Project\PetShop-Website\back-end\node_modules\mongoose\lib\query.js:2374:10)
    at model.Query._updateThunk (D:\Project\PetShop-Website\back-end\node_modules\mongoose\lib\query.js:4043:8)
    at model.Query._updateOne (D:\Project\PetShop-Website\back-end\node_modules\mongoose\lib\query.js:4150:23)
    at model.Query.exec (D:\Project\PetShop-Website\back-end\node_modules\mongoose\lib\query.js:4627:80)
    at process.processTicksAndRejections (node:internal/process/task_queues:103:5)
    at async projectOrder (file:///D:/Project/PetShop-Website/back-end/server/services/projector.js:130:3)
    at async Worker.connection [as processFn] (file:///D:/Project/PetShop-Website/back-end/server/workers/projectionWorker.js:84:9)
2026-06-09T15:25:03.685Z [error] [ProjectionWorker] Job failed for event 6a28303b7dcac27229d04ea6: Path "lastEventSequence" is not in schema, strict mode is `true`, and upsert is `true`. {"service":"back-end","isImmutableError":false,"path":"lastEventSequence"}
StrictModeError: Path "lastEventSequence" is not in schema, strict mode is `true`, and upsert is `true`.
    at cast (D:\Project\PetShop-Website\back-end\node_modules\mongoose\lib\cast.js:305:17)
    at cast (D:\Project\PetShop-Website\back-end\node_modules\mongoose\lib\cast.js:76:20)
    at Query.cast (D:\Project\PetShop-Website\back-end\node_modules\mongoose\lib\query.js:5060:12)
    at Query._castConditions (D:\Project\PetShop-Website\back-end\node_modules\mongoose\lib\query.js:2374:10)
    at model.Query._updateThunk (D:\Project\PetShop-Website\back-end\node_modules\mongoose\lib\query.js:4043:8)
    at model.Query._updateOne (D:\Project\PetShop-Website\back-end\node_modules\mongoose\lib\query.js:4150:23)
    at model.Query.exec (D:\Project\PetShop-Website\back-end\node_modules\mongoose\lib\query.js:4627:80)
    at process.processTicksAndRejections (node:internal/process/task_queues:103:5)
    at async projectOrder (file:///D:/Project/PetShop-Website/back-end/server/services/projector.js:130:3)
    at async Worker.connection [as processFn] (file:///D:/Project/PetShop-Website/back-end/server/workers/projectionWorker.js:84:9)
2026-06-09T15:25:04.129Z [error] [ProjectionWorker] Failed to process event 6a282fb17a92e89fea310b62 during catch-up: Path "lastEventSequence" is not in schema, strict mode is `true`, and upsert is `true`. {"service":"back-end","isImmutableError":false,"path":"lastEventSequence"}
StrictModeError: Path "lastEventSequence" is not in schema, strict mode is `true`, and upsert is `true`.
    at cast (D:\Project\PetShop-Website\back-end\node_modules\mongoose\lib\cast.js:305:17)
    at cast (D:\Project\PetShop-Website\back-end\node_modules\mongoose\lib\cast.js:76:20)
    at Query.cast (D:\Project\PetShop-Website\back-end\node_modules\mongoose\lib\query.js:5060:12)
    at Query._castConditions (D:\Project\PetShop-Website\back-end\node_modules\mongoose\lib\query.js:2374:10)
    at model.Query._updateThunk (D:\Project\PetShop-Website\back-end\node_modules\mongoose\lib\query.js:4043:8)
    at model.Query._updateOne (D:\Project\PetShop-Website\back-end\node_modules\mongoose\lib\query.js:4150:23)
    at model.Query.exec (D:\Project\PetShop-Website\back-end\node_modules\mongoose\lib\query.js:4627:80)
    at process.processTicksAndRejections (node:internal/process/task_queues:103:5)
    at async projectOrder (file:///D:/Project/PetShop-Website/back-end/server/services/projector.js:130:3)
    at async resumeProjectionsFromCheckpoints (file:///D:/Project/PetShop-Website/back-end/server/workers/projectionWorker.js:32:13)
2026-06-09T15:25:08.339Z [error] [ProjectionWorker] Job failed for event 6a283053b917280c06069df9: Path "lastEventSequence" is not in schema, strict mode is `true`, and upsert is `true`. {"service":"back-end","isImmutableError":false,"path":"lastEventSequence"}
StrictModeError: Path "lastEventSequence" is not in schema, strict mode is `true`, and upsert is `true`.
    at cast (D:\Project\PetShop-Website\back-end\node_modules\mongoose\lib\cast.js:305:17)
    at cast (D:\Project\PetShop-Website\back-end\node_modules\mongoose\lib\cast.js:76:20)
    at Query.cast (D:\Project\PetShop-Website\back-end\node_modules\mongoose\lib\query.js:5060:12)
    at Query._castConditions (D:\Project\PetShop-Website\back-end\node_modules\mongoose\lib\query.js:2374:10)
    at model.Query._updateThunk (D:\Project\PetShop-Website\back-end\node_modules\mongoose\lib\query.js:4043:8)
    at model.Query._updateOne (D:\Project\PetShop-Website\back-end\node_modules\mongoose\lib\query.js:4150:23)
    at model.Query.exec (D:\Project\PetShop-Website\back-end\node_modules\mongoose\lib\query.js:4627:80)
    at process.processTicksAndRejections (node:internal/process/task_queues:103:5)
    at async projectOrder (file:///D:/Project/PetShop-Website/back-end/server/services/projector.js:130:3)
    at async Worker.connection [as processFn] (file:///D:/Project/PetShop-Website/back-end/server/workers/projectionWorker.js:84:9)
2026-06-09T15:25:09.725Z [error] [ProjectionWorker] Job failed for event 6a283053b917280c06069df9: Path "lastEventSequence" is not in schema, strict mode is `true`, and upsert is `true`. {"service":"back-end","isImmutableError":false,"path":"lastEventSequence"}
StrictModeError: Path "lastEventSequence" is not in schema, strict mode is `true`, and upsert is `true`.
    at cast (D:\Project\PetShop-Website\back-end\node_modules\mongoose\lib\cast.js:305:17)
    at cast (D:\Project\PetShop-Website\back-end\node_modules\mongoose\lib\cast.js:76:20)
    at Query.cast (D:\Project\PetShop-Website\back-end\node_modules\mongoose\lib\query.js:5060:12)
    at Query._castConditions (D:\Project\PetShop-Website\back-end\node_modules\mongoose\lib\query.js:2374:10)
    at model.Query._updateThunk (D:\Project\PetShop-Website\back-end\node_modules\mongoose\lib\query.js:4043:8)
    at model.Query._updateOne (D:\Project\PetShop-Website\back-end\node_modules\mongoose\lib\query.js:4150:23)
    at model.Query.exec (D:\Project\PetShop-Website\back-end\node_modules\mongoose\lib\query.js:4627:80)
    at process.processTicksAndRejections (node:internal/process/task_queues:103:5)
    at async projectOrder (file:///D:/Project/PetShop-Website/back-end/server/services/projector.js:130:3)
    at async Worker.connection [as processFn] (file:///D:/Project/PetShop-Website/back-end/server/workers/projectionWorker.js:84:9)
2026-06-09T15:25:12.121Z [error] [ProjectionWorker] Job failed for event 6a283053b917280c06069df9: Path "lastEventSequence" is not in schema, strict mode is `true`, and upsert is `true`. {"service":"back-end","isImmutableError":false,"path":"lastEventSequence"}
StrictModeError: Path "lastEventSequence" is not in schema, strict mode is `true`, and upsert is `true`.
    at cast (D:\Project\PetShop-Website\back-end\node_modules\mongoose\lib\cast.js:305:17)
    at cast (D:\Project\PetShop-Website\back-end\node_modules\mongoose\lib\cast.js:76:20)
    at Query.cast (D:\Project\PetShop-Website\back-end\node_modules\mongoose\lib\query.js:5060:12)
    at Query._castConditions (D:\Project\PetShop-Website\back-end\node_modules\mongoose\lib\query.js:2374:10)
    at model.Query._updateThunk (D:\Project\PetShop-Website\back-end\node_modules\mongoose\lib\query.js:4043:8)
    at model.Query._updateOne (D:\Project\PetShop-Website\back-end\node_modules\mongoose\lib\query.js:4150:23)
    at model.Query.exec (D:\Project\PetShop-Website\back-end\node_modules\mongoose\lib\query.js:4627:80)
    at process.processTicksAndRejections (node:internal/process/task_queues:103:5)
    at async projectOrder (file:///D:/Project/PetShop-Website/back-end/server/services/projector.js:130:3)
    at async Worker.connection [as processFn] (file:///D:/Project/PetShop-Website/back-end/server/workers/projectionWorker.js:84:9)
2026-06-09T15:25:16.433Z [error] [ProjectionWorker] Job failed for event 6a283053b917280c06069df9: Path "lastEventSequence" is not in schema, strict mode is `true`, and upsert is `true`. {"service":"back-end","isImmutableError":false,"path":"lastEventSequence"}
StrictModeError: Path "lastEventSequence" is not in schema, strict mode is `true`, and upsert is `true`.
    at cast (D:\Project\PetShop-Website\back-end\node_modules\mongoose\lib\cast.js:305:17)
    at cast (D:\Project\PetShop-Website\back-end\node_modules\mongoose\lib\cast.js:76:20)
    at Query.cast (D:\Project\PetShop-Website\back-end\node_modules\mongoose\lib\query.js:5060:12)
    at Query._castConditions (D:\Project\PetShop-Website\back-end\node_modules\mongoose\lib\query.js:2374:10)
    at model.Query._updateThunk (D:\Project\PetShop-Website\back-end\node_modules\mongoose\lib\query.js:4043:8)
    at model.Query._updateOne (D:\Project\PetShop-Website\back-end\node_modules\mongoose\lib\query.js:4150:23)
    at model.Query.exec (D:\Project\PetShop-Website\back-end\node_modules\mongoose\lib\query.js:4627:80)
    at process.processTicksAndRejections (node:internal/process/task_queues:103:5)
    at async projectOrder (file:///D:/Project/PetShop-Website/back-end/server/services/projector.js:130:3)
    at async Worker.connection [as processFn] (file:///D:/Project/PetShop-Website/back-end/server/workers/projectionWorker.js:84:9)
2026-06-09T15:25:24.781Z [error] [ProjectionWorker] Job failed for event 6a283053b917280c06069df9: Path "lastEventSequence" is not in schema, strict mode is `true`, and upsert is `true`. {"service":"back-end","isImmutableError":false,"path":"lastEventSequence"}
StrictModeError: Path "lastEventSequence" is not in schema, strict mode is `true`, and upsert is `true`.
    at cast (D:\Project\PetShop-Website\back-end\node_modules\mongoose\lib\cast.js:305:17)
    at cast (D:\Project\PetShop-Website\back-end\node_modules\mongoose\lib\cast.js:76:20)
    at Query.cast (D:\Project\PetShop-Website\back-end\node_modules\mongoose\lib\query.js:5060:12)
    at Query._castConditions (D:\Project\PetShop-Website\back-end\node_modules\mongoose\lib\query.js:2374:10)
    at model.Query._updateThunk (D:\Project\PetShop-Website\back-end\node_modules\mongoose\lib\query.js:4043:8)
    at model.Query._updateOne (D:\Project\PetShop-Website\back-end\node_modules\mongoose\lib\query.js:4150:23)
    at model.Query.exec (D:\Project\PetShop-Website\back-end\node_modules\mongoose\lib\query.js:4627:80)
    at process.processTicksAndRejections (node:internal/process/task_queues:103:5)
    at async projectOrder (file:///D:/Project/PetShop-Website/back-end/server/services/projector.js:130:3)
    at async Worker.connection [as processFn] (file:///D:/Project/PetShop-Website/back-end/server/workers/projectionWorker.js:84:9)
2026-06-09T15:25:30.211Z [error] [ProjectionWorker] Failed to process event 6a282fb17a92e89fea310b62 during catch-up: Path "lastEventSequence" is not in schema, strict mode is `true`, and upsert is `true`. {"service":"back-end","isImmutableError":false,"path":"lastEventSequence"}
StrictModeError: Path "lastEventSequence" is not in schema, strict mode is `true`, and upsert is `true`.
    at cast (D:\Project\PetShop-Website\back-end\node_modules\mongoose\lib\cast.js:305:17)
    at cast (D:\Project\PetShop-Website\back-end\node_modules\mongoose\lib\cast.js:76:20)
    at Query.cast (D:\Project\PetShop-Website\back-end\node_modules\mongoose\lib\query.js:5060:12)
    at Query._castConditions (D:\Project\PetShop-Website\back-end\node_modules\mongoose\lib\query.js:2374:10)
    at model.Query._updateThunk (D:\Project\PetShop-Website\back-end\node_modules\mongoose\lib\query.js:4043:8)
    at model.Query._updateOne (D:\Project\PetShop-Website\back-end\node_modules\mongoose\lib\query.js:4150:23)
    at model.Query.exec (D:\Project\PetShop-Website\back-end\node_modules\mongoose\lib\query.js:4627:80)
    at process.processTicksAndRejections (node:internal/process/task_queues:103:5)
    at async projectOrder (file:///D:/Project/PetShop-Website/back-end/server/services/projector.js:130:3)
    at async resumeProjectionsFromCheckpoints (file:///D:/Project/PetShop-Website/back-end/server/workers/projectionWorker.js:32:13)
2026-06-09T15:25:42.052Z [error] [ProjectionWorker] Job failed for event 6a28307517dc878f895610aa: Path "lastEventSequence" is not in schema, strict mode is `true`, and upsert is `true`. {"service":"back-end","isImmutableError":false,"path":"lastEventSequence"}
StrictModeError: Path "lastEventSequence" is not in schema, strict mode is `true`, and upsert is `true`.
    at cast (D:\Project\PetShop-Website\back-end\node_modules\mongoose\lib\cast.js:305:17)
    at cast (D:\Project\PetShop-Website\back-end\node_modules\mongoose\lib\cast.js:76:20)
    at Query.cast (D:\Project\PetShop-Website\back-end\node_modules\mongoose\lib\query.js:5060:12)
    at Query._castConditions (D:\Project\PetShop-Website\back-end\node_modules\mongoose\lib\query.js:2374:10)
    at model.Query._updateThunk (D:\Project\PetShop-Website\back-end\node_modules\mongoose\lib\query.js:4043:8)
    at model.Query._updateOne (D:\Project\PetShop-Website\back-end\node_modules\mongoose\lib\query.js:4150:23)
    at model.Query.exec (D:\Project\PetShop-Website\back-end\node_modules\mongoose\lib\query.js:4627:80)
    at process.processTicksAndRejections (node:internal/process/task_queues:103:5)
    at async projectOrder (file:///D:/Project/PetShop-Website/back-end/server/services/projector.js:130:3)
    at async Worker.connection [as processFn] (file:///D:/Project/PetShop-Website/back-end/server/workers/projectionWorker.js:84:9)
2026-06-09T15:25:43.360Z [error] [ProjectionWorker] Job failed for event 6a28307517dc878f895610aa: Path "lastEventSequence" is not in schema, strict mode is `true`, and upsert is `true`. {"service":"back-end","isImmutableError":false,"path":"lastEventSequence"}
StrictModeError: Path "lastEventSequence" is not in schema, strict mode is `true`, and upsert is `true`.
    at cast (D:\Project\PetShop-Website\back-end\node_modules\mongoose\lib\cast.js:305:17)
    at cast (D:\Project\PetShop-Website\back-end\node_modules\mongoose\lib\cast.js:76:20)
    at Query.cast (D:\Project\PetShop-Website\back-end\node_modules\mongoose\lib\query.js:5060:12)
    at Query._castConditions (D:\Project\PetShop-Website\back-end\node_modules\mongoose\lib\query.js:2374:10)
    at model.Query._updateThunk (D:\Project\PetShop-Website\back-end\node_modules\mongoose\lib\query.js:4043:8)
    at model.Query._updateOne (D:\Project\PetShop-Website\back-end\node_modules\mongoose\lib\query.js:4150:23)
    at model.Query.exec (D:\Project\PetShop-Website\back-end\node_modules\mongoose\lib\query.js:4627:80)
    at process.processTicksAndRejections (node:internal/process/task_queues:103:5)
    at async projectOrder (file:///D:/Project/PetShop-Website/back-end/server/services/projector.js:130:3)
    at async Worker.connection [as processFn] (file:///D:/Project/PetShop-Website/back-end/server/workers/projectionWorker.js:84:9)
2026-06-09T15:25:45.678Z [error] [ProjectionWorker] Job failed for event 6a28307517dc878f895610aa: Path "lastEventSequence" is not in schema, strict mode is `true`, and upsert is `true`. {"service":"back-end","isImmutableError":false,"path":"lastEventSequence"}
StrictModeError: Path "lastEventSequence" is not in schema, strict mode is `true`, and upsert is `true`.
    at cast (D:\Project\PetShop-Website\back-end\node_modules\mongoose\lib\cast.js:305:17)
    at cast (D:\Project\PetShop-Website\back-end\node_modules\mongoose\lib\cast.js:76:20)
    at Query.cast (D:\Project\PetShop-Website\back-end\node_modules\mongoose\lib\query.js:5060:12)
    at Query._castConditions (D:\Project\PetShop-Website\back-end\node_modules\mongoose\lib\query.js:2374:10)
    at model.Query._updateThunk (D:\Project\PetShop-Website\back-end\node_modules\mongoose\lib\query.js:4043:8)
    at model.Query._updateOne (D:\Project\PetShop-Website\back-end\node_modules\mongoose\lib\query.js:4150:23)
    at model.Query.exec (D:\Project\PetShop-Website\back-end\node_modules\mongoose\lib\query.js:4627:80)
    at process.processTicksAndRejections (node:internal/process/task_queues:103:5)
    at async projectOrder (file:///D:/Project/PetShop-Website/back-end/server/services/projector.js:130:3)
    at async Worker.connection [as processFn] (file:///D:/Project/PetShop-Website/back-end/server/workers/projectionWorker.js:84:9)
2026-06-09T15:25:50.110Z [error] [ProjectionWorker] Job failed for event 6a28307517dc878f895610aa: Path "lastEventSequence" is not in schema, strict mode is `true`, and upsert is `true`. {"service":"back-end","isImmutableError":false,"path":"lastEventSequence"}
StrictModeError: Path "lastEventSequence" is not in schema, strict mode is `true`, and upsert is `true`.
    at cast (D:\Project\PetShop-Website\back-end\node_modules\mongoose\lib\cast.js:305:17)
    at cast (D:\Project\PetShop-Website\back-end\node_modules\mongoose\lib\cast.js:76:20)
    at Query.cast (D:\Project\PetShop-Website\back-end\node_modules\mongoose\lib\query.js:5060:12)
    at Query._castConditions (D:\Project\PetShop-Website\back-end\node_modules\mongoose\lib\query.js:2374:10)
    at model.Query._updateThunk (D:\Project\PetShop-Website\back-end\node_modules\mongoose\lib\query.js:4043:8)
    at model.Query._updateOne (D:\Project\PetShop-Website\back-end\node_modules\mongoose\lib\query.js:4150:23)
    at model.Query.exec (D:\Project\PetShop-Website\back-end\node_modules\mongoose\lib\query.js:4627:80)
    at process.processTicksAndRejections (node:internal/process/task_queues:103:5)
    at async projectOrder (file:///D:/Project/PetShop-Website/back-end/server/services/projector.js:130:3)
    at async Worker.connection [as processFn] (file:///D:/Project/PetShop-Website/back-end/server/workers/projectionWorker.js:84:9)
2026-06-09T15:25:58.479Z [error] [ProjectionWorker] Job failed for event 6a28307517dc878f895610aa: Path "lastEventSequence" is not in schema, strict mode is `true`, and upsert is `true`. {"service":"back-end","isImmutableError":false,"path":"lastEventSequence"}
StrictModeError: Path "lastEventSequence" is not in schema, strict mode is `true`, and upsert is `true`.
    at cast (D:\Project\PetShop-Website\back-end\node_modules\mongoose\lib\cast.js:305:17)
    at cast (D:\Project\PetShop-Website\back-end\node_modules\mongoose\lib\cast.js:76:20)
    at Query.cast (D:\Project\PetShop-Website\back-end\node_modules\mongoose\lib\query.js:5060:12)
    at Query._castConditions (D:\Project\PetShop-Website\back-end\node_modules\mongoose\lib\query.js:2374:10)
    at model.Query._updateThunk (D:\Project\PetShop-Website\back-end\node_modules\mongoose\lib\query.js:4043:8)
    at model.Query._updateOne (D:\Project\PetShop-Website\back-end\node_modules\mongoose\lib\query.js:4150:23)
    at model.Query.exec (D:\Project\PetShop-Website\back-end\node_modules\mongoose\lib\query.js:4627:80)
    at process.processTicksAndRejections (node:internal/process/task_queues:103:5)
    at async projectOrder (file:///D:/Project/PetShop-Website/back-end/server/services/projector.js:130:3)
    at async Worker.connection [as processFn] (file:///D:/Project/PetShop-Website/back-end/server/workers/projectionWorker.js:84:9)
2026-06-09T15:26:23.018Z [error] [ProjectionWorker] Failed to process event 6a28303b7dcac27229d04ea6 during catch-up: E11000 duplicate key error collection: test.orders index: _id_ dup key: { _id: ObjectId('6a245204fabfe4f1da5241c5') } {"service":"back-end","errorLabelSet":{},"errorResponse":{"index":0,"code":11000,"errmsg":"E11000 duplicate key error collection: test.orders index: _id_ dup key: { _id: ObjectId('6a245204fabfe4f1da5241c5') }","keyPattern":{"_id":1},"keyValue":{"_id":"6a245204fabfe4f1da5241c5"}},"index":0,"code":11000,"keyPattern":{"_id":1},"keyValue":{"_id":"6a245204fabfe4f1da5241c5"}}
MongoServerError: E11000 duplicate key error collection: test.orders index: _id_ dup key: { _id: ObjectId('6a245204fabfe4f1da5241c5') }
    at UpdateOneOperation.handleOk (D:\Project\PetShop-Website\back-end\node_modules\mongoose\node_modules\mongodb\lib\operations\update.js:70:19)
    at tryOperation (D:\Project\PetShop-Website\back-end\node_modules\mongoose\node_modules\mongodb\lib\operations\execute_operation.js:214:34)
    at process.processTicksAndRejections (node:internal/process/task_queues:103:5)
    at async executeOperation (D:\Project\PetShop-Website\back-end\node_modules\mongoose\node_modules\mongodb\lib\operations\execute_operation.js:78:16)
    at async Collection.updateOne (D:\Project\PetShop-Website\back-end\node_modules\mongoose\node_modules\mongodb\lib\collection.js:238:16)
    at async model.Query.exec (D:\Project\PetShop-Website\back-end\node_modules\mongoose\lib\query.js:4627:63)
    at async projectOrder (file:///D:/Project/PetShop-Website/back-end/server/services/projector.js:130:3)
    at async resumeProjectionsFromCheckpoints (file:///D:/Project/PetShop-Website/back-end/server/workers/projectionWorker.js:32:13)
